---
source: tests/test_settings.rs
assertion_line: 67
expression: "vec![1, 2, 3]"
---
- 1
- 2
- 3

