---
source: tests/test_bugs.rs
assertion_line: 3
expression: "\"foo\\r\\nbar\\r\\nbaz\""
---
foo
bar
baz
