---
created: "2019-02-01T13:47:54.698186Z"
creator: insta@0.6.0
source: tests/test_redaction.rs
expression: "&User{id: Uuid::new_v4(),\n      username: \"jason_doe\".to_string(),\n      email: Email(\"jason@example.com\".to_string()),\n      extra: \"ssn goes here\".to_string(),}"
---
{
  "id": "[uuid]",
  "username": "jason_doe",
  "email": "jason@example.com",
  "extra": "[extra]"
}
