---
source: tests/test_legacy.rs
expression: "\"whatever\""
---
whatever
