---
source: tests/test_redaction.rs
assertion_line: 28
expression: "Selector::parse(\".foo.bar.**\").unwrap()"
---
Selector {
    selectors: [
        [
            Key(
                "foo",
            ),
            Key(
                "bar",
            ),
            DeepWildcard,
        ],
    ],
}
