---
source: tests/test_basic.rs
assertion_line: 54
expression: "\"aoeu\""
---
aoeu
