---
source: tests/test_legacy.rs
expression: td
---
TestDisplay struct
