---
source: tests/test_redaction.rs
assertion_line: 26
expression: "Selector::parse(\".foo.bar[10:]\").unwrap()"
---
Selector {
    selectors: [
        [
            Key(
                "foo",
            ),
            Key(
                "bar",
            ),
            Range(
                Some(
                    10,
                ),
                None,
            ),
        ],
    ],
}
