---
source: tests/test_basic.rs
assertion_line: 14
expression: "vec![1, 2, 3, 4]"
---
[
    1,
    2,
    3,
    4,
]
