---
source: tests/test_basic.rs
assertion_line: 15
expression: "vec![1, 2, 3, 4, 5]"
---
[
    1,
    2,
    3,
    4,
    5,
]
