---
created: "2019-01-29T23:47:38.350858Z"
creator: insta@0.6.0
source: tests/test_basic.rs
expression: "vec![1 , 2 , 3]"
---
[
  1,
  2,
  3
]
