---
source: tests/test_inline.rs
assertion_line: 42
expression: "\"Testing-thread\""
---
Testing-thread
