---
source: tests/test_glob.rs
assertion_line: 7
expression: "&contents"
input_file: tests/inputs/goodbye.txt
---
"Contents of goodbye"
