---
created: "2019-01-22T21:33:27.842166+00:00"
creator: insta@0.4.1
expression: "vec![1 , 2 , 3]"
source: tests/test_basic.rs
---
- 1
- 2
- 3
