---
source: tests/test_redaction.rs
assertion_line: 27
expression: "Selector::parse(\".foo.bar[10:20]\").unwrap()"
---
Selector {
    selectors: [
        [
            Key(
                "foo",
            ),
            Key(
                "bar",
            ),
            Range(
                Some(
                    10,
                ),
                Some(
                    20,
                ),
            ),
        ],
    ],
}
