---
source: tests/test_basic.rs
assertion_line: 29
expression: "vec![1, 2, 3]"
---
- 1
- 2
- 3

