---
source: tests/test_basic.rs
assertion_line: 75
expression: td
---
TestDisplay struct
