Created: 2019-01-13T22:16:48.669496+00:00
Creator: insta@0.1.0
Source: tests/test_basic.rs

[
    1,
    2,
    3,
    4
]
